
    __        __   _                            _        
    \ \      / /__| | ___ ___  _ __ ___   ___  | |_ ___  
     \ \ /\ / / _ \ |/ __/ _ \| '_ ` _ \ / _ \ | __/ _ \ 
      \ V  V /  __/ | (_| (_) | | | | | |  __/ | || (_) |
       \_/\_/ \___|_|\___\___/|_| |_| |_|\___|  \__\___/ 
                                    ____ ____  __  __ 
                       _ __  _   _ / ___/ ___||  \/  |
                      | '_ \| | | | |  _\___ \| |\/| |
                      | |_) | |_| | |_| |___) | |  | |
                      | .__/ \__, |\____|____/|_|  |_|
                      |_|    |___/                    
#==========================================================================#
#| If this code has benefited your research, please support us by citing: |#
#|                                                                        |# 
#| Aldaz, C.; Kammeraad J. A.; Zimmerman P. M. "Discovery of conical      |#
#| intersection mediated photochemistry with growing string methods",     |#
#| Phys. Chem. Chem. Phys., 2018, 20, 27394                               |#
#| http://dx.doi.org/10.1039/c8cp04703k                                   |#
#|                                                                        |# 
#| Wang, L.-P.; Song, C.C. (2016) "Geometry optimization made simple with |#
#| translation and rotation coordinates", J. Chem, Phys. 144, 214108.     |#
#| http://dx.doi.org/10.1063/1.4952956                                    |#
#==========================================================================#


    
forcing number of processors to be 32!!!
#========================================================#
#| [92m              Parsed GSM Keys : Values              [0m |#
#========================================================#
ADD_NODE_TOL              0.01 
BDIST_RATIO               0.5 
CONV_TOL                  0.0005 
DMAX                      1.0 
DQMAG_MAX                 0.8 
EST_Package               QChem 
ID                        0 
PES_type                  PES 
adiabatic_index           [0] 
conv_Ediff                100.0 
conv_dE                   1.0 
conv_gmax                 100.0 
coordinate_type           TRIC 
growth_direction          0 
gsm_print_level           1 
gsm_type                  DE_GSM 
linesearch                NoLineSearch 
lot_inp_file              qin 
max_gsm_iters             100 
multiplicity              [1] 
nproc                     32 
num_nodes                 9 
opt_print_level           1 
optimizer                 eigenvector_follow 
product_geom_fixed        True 
reactant_geom_fixed       True 
sigma                     1.0 
use_multiprocessing       False 
xyzfile                   input.xyz 
----------------------------------------------------------
#========================================================#
#| [92m    Build the QChem level of theory (LOT) object    [0m |#
#========================================================#
Warning: charge is not implemented for all level of theories. Make sure this is correct for your package.
 initializing LOT from geom
 making temp folder /clusterfs/mp/ewcspottesmith/data/pygsm/bad_spin/0_1/
/clusterfs/mp/ewcspottesmith/data/pygsm/bad_spin/QChem_input.txt
#========================================================#
#| [92m              Building the PES objects              [0m |#
#========================================================#
#========================================================#
#| [92m       Building the reactant object with TRIC       [0m |#
#========================================================#
#========================================================#
#| [92m               Building the topology                [0m |#
#========================================================#
#========================================================#
#| [92m                   building bonds                   [0m |#
#========================================================#
None
 In build bonds
done
#========================================================#
#| [92m                   building bonds                   [0m |#
#========================================================#
None
 In build bonds
done
 Adding bond (0, 7) to top1
 Adding bond (1, 6) to top1
#========================================================#
#| [92m      Building Primitive Internal Coordinates       [0m |#
#========================================================#
 Creating block info
 number of primitive blocks is  1
 Done creating block info,
 Now Making Primitives by block
 Done making primitives
 Made a total of 53 primitives
 num blocks  1
 done making primitives
 make prim 0.052
#========================================================#
#| [92m     Building Primitive Internal Coordinates 2      [0m |#
#========================================================#
 Creating block info
 number of primitive blocks is  1
 Done creating block info,
 Now Making Primitives by block
 Done making primitives
 Made a total of 55 primitives
 num blocks  1
 done making primitives
 make prim 0.016
#========================================================#
#| [92m            Forming Union of Primitives             [0m |#
#========================================================#
 Number of primitives before 53
Adding prim Angle 1-2-4 that is in Other to Internals
Adding prim Angle 8-7-9 that is in Other to Internals
Warning: OutOfPlane atoms are the same, ordering is differentWarning: OutOfPlane atoms are the same, ordering is differentWarning: OutOfPlane atoms are the same, ordering is differentWarning: OutOfPlane atoms are the same, ordering is differentAdding prim Dihedral 8-1-7-9 that is in Other to Internals
 Number of primitives after 56
check 56
#========================================================#
#| [92m     Building Delocalized Internal Coordinates      [0m |#
#========================================================#
 setting primitives from options!
 num of primitives 56
 Time to copy prims 0.002
 Timings: Build G: 1.771 Eig: 0.045
#========================================================#
#| [92m               Building the reactant                [0m |#
#========================================================#
 getting cartesian coordinates from geom
 Time to get coords= 0.000
 initializing LOT from geom
 making temp folder /clusterfs/mp/ewcspottesmith/data/pygsm/bad_spin/0_1/
/clusterfs/mp/ewcspottesmith/data/pygsm/bad_spin/QChem_input.txt
 Time to create PES,elements 0.010
 getting coord_object from options
 Time  to build coordinate system= 0.000
 making primitive Hessian
 Time to build Prim Hessian 0.002
 forming Hessian in basis
 molecule constructed
#========================================================#
#| [92m            Building the product object             [0m |#
#========================================================#
 getting cartesian coordinates from geom
 Time to get coords= 0.000
 copying QCSCRATCH files
 cp -r /clusterfs/mp/ewcspottesmith/data/pygsm/bad_spin/0_1 /clusterfs/mp/ewcspottesmith/data/pygsm/bad_spin/8_1
 initializing LOT from geom
 making temp folder /clusterfs/mp/ewcspottesmith/data/pygsm/bad_spin/8_1/
/clusterfs/mp/ewcspottesmith/data/pygsm/bad_spin/QChem_input.txt
 Time to create PES,elements 0.015
 getting coord_object from options
 Time  to build coordinate system= 0.000
 making primitive Hessian
 Time to build Prim Hessian 0.002
 forming Hessian in basis
 molecule constructed
#========================================================#
#| [92m           Building the Optimizer object            [0m |#
#========================================================#
#========================================================#
#| [92m              Building the GSM object               [0m |#
#========================================================#
You are running Q-Chem version: 5.2.2

#
# job setting
#
local host:  n0037.lr6
current dir: /clusterfs/mp/ewcspottesmith/data/pygsm/bad_spin
input file:  mol.inp
output file: mol.out
nprocs     : 0
nthreads   : 32
#
# qchem installation setting
#
QC:          /clusterfs/mp/software/qchem
QCAUX:       /clusterfs/mp/software/qchem/qcaux
QCPROG:      /clusterfs/mp/software/qchem/exe/qcprog.exe_s
QCPROG_S:    /clusterfs/mp/software/qchem/exe/qcprog.exe_s
PARALLEL:    -DSERIAL
QCMPI:       MPICH
#
# qchem directory setting
#
qcrun:       scratch
QCSCRATCH:   /clusterfs/mp/ewcspottesmith/data/pygsm/bad_spin
QCLOCALSCR:  /tmp
QCTMPDIR:    /tmp
QCFILEPREF:  /tmp/scratch
QCSAVEDIR:   /clusterfs/mp/ewcspottesmith/data/pygsm/bad_spin/scratch
workdirs:    /tmp/scratch
workdir0:    /tmp/scratch
partmpdirs =  
#
# parallel setting
#
QCRSH:           ssh
QCMPI:           mpich
QCMPIRUN:        /clusterfs/mp/software/qchem/bin/mpi/mpirun_qchem
QCMACHINEFILE:   /tmp/scratch/hostfile

#
# env setting
#
exported envs:   QC QCAUX QCSCRATCH QCRUNNAME QCFILEPREF QCPROG QCPROG_S GUIFILE
copy savedir ...
 gaddmax: 0.01
 Assuming primitives are union!
 number of primitives is 56
In directory:  /clusterfs/mp/ewcspottesmith/data/pygsm/bad_spin
QSCRATCH:  /clusterfs/mp/ewcspottesmith/data/pygsm/bad_spin
qchem -nt 32 -save mol.inp mol.out scratch
Traceback (most recent call last):
  File "/global/home/users/ewcspottesmith/miniconda3/envs/dev/bin/gsm", line 11, in <module>
    load_entry_point('pyGSM', 'console_scripts', 'gsm')()
  File "/global/home/users/ewcspottesmith/software/dev/pyGSM/pygsm/wrappers/main.py", line 452, in main
    use_multiprocessing=inpfileq['use_multiprocessing'],
  File "/global/home/users/ewcspottesmith/software/dev/pyGSM/pygsm/growing_string_methods/base_gsm.py", line 163, in from_options
    return cls(cls.default_options().set_values(kwargs))
  File "/global/home/users/ewcspottesmith/software/dev/pyGSM/pygsm/growing_string_methods/de_gsm.py", line 46, in __init__
    self.set_V0()
  File "/global/home/users/ewcspottesmith/software/dev/pyGSM/pygsm/growing_string_methods/de_gsm.py", line 208, in set_V0
    self.nodes[0].V0 = self.nodes[0].energy
  File "/global/home/users/ewcspottesmith/software/dev/pyGSM/pygsm/wrappers/molecule.py", line 397, in energy
    return self.PES.get_energy(self.xyz)
  File "/global/home/users/ewcspottesmith/software/dev/pyGSM/pygsm/potential_energy_surfaces/pes.py", line 159, in get_energy
    return self.lot.get_energy(xyz,self.multiplicity,self.ad_idx) +fdE
  File "/global/home/users/ewcspottesmith/software/dev/pyGSM/pygsm/level_of_theories/qchem.py", line 152, in get_energy
    self.runall(geom)
  File "/global/home/users/ewcspottesmith/software/dev/pyGSM/pygsm/level_of_theories/base_lot.py", line 311, in runall
    self.run(geom,1)
  File "/global/home/users/ewcspottesmith/software/dev/pyGSM/pygsm/level_of_theories/qchem.py", line 112, in run
    with open(efilepath) as efile:
FileNotFoundError: [Errno 2] No such file or directory: '/clusterfs/mp/ewcspottesmith/data/pygsm/bad_spin/0_1/GRAD'
